// Jest Snapshot v1, https://goo.gl/fbAQLP

exports[`<App> renders without crashing 1`] = `
<styled.div>
  <div>
    <Dropdown
      data={Array []}
      hasMore={false}
      headerTitle=""
      isOpen={false}
      loadMore={[Function]}
      selected={
        Object {
          "flag": null,
          "name": "",
        }
      }
      setOpen={[Function]}
      setSearchInput={[Function]}
      setSelected={[Function]}
      toggleList={[Function]}
    />
  </div>
</styled.div>
`;
